
==============================================================================
 0. INVENTORY
==============================================================================
Found 21366 files under outputs_v5_parallel_3threads_fixed/
  - .DS_Store
  - analytics/cd_diagram_data.json
  - analytics/fig_bar_per_archetype.png
  - analytics/fig_bar_per_trip_distance.png
  - analytics/fig_box_normalized_hv.png
  - analytics/fig_box_per_archetype.png
  - analytics/fig_box_per_trip_distance.png
  - analytics/fig_caterpillar_nsga3_minus_nsga2.png
  - analytics/fig_cd_diagram.png
  - analytics/fig_comfort_model_comparison.png
  - analytics/fig_dz_distribution.png
  - analytics/fig_ecdf_normalized_hv.png
  - analytics/fig_feasible_ratio_convergence.png
  - analytics/fig_heatmap_strata.png
  - analytics/fig_hv_convergence.png
  - analytics/fig_hv_convergence_per_profile.png
  - analytics/fig_mode_share_per_algorithm.png
  - analytics/fig_objective_correlations.png
  - analytics/fig_parallel_coordinates.png
  - analytics/fig_pareto_3d.png
  - analytics/fig_pareto_fronts_2d.png
  - analytics/fig_pca_solutions.png
  - analytics/fig_runtime_comparison.png
  - analytics/fig_scatter_matrix_all_pairs.png
  - analytics/fig_scatter_nsga2_vs_nsga3.png
  - analytics/fig_spacing_convergence.png
  - analytics/fig_strip_per_plan.png
  - analytics/fig_violin_per_plan.png
  - analytics/friedman_nemenyi_extended.json
  - analytics/friedman_pivot_extended.csv
  - analytics/intrinsic_dimensionality.json
  - analytics/manifest.txt
  - analytics/objective_correlations.csv
  - analytics/paired_effect_sizes_per_plan.csv
  - analytics/per_algorithm_runtime_summary.csv
  - analytics/per_archetype_summary.csv
  - analytics/per_profile_dz_distribution.csv
  - analytics/per_trip_distance_summary.csv
  - analytics/strata_breakdown_per_plan.csv
  - analytics/summary_stats_per_plan.csv
  - analytics/win_tie_loss_per_plan.csv
  - comfort_model_comparison.csv
  - comfort_noise_robustness_heuristic_direct.csv
  - comfort_noise_robustness_linear_regression.csv
  - comfort_noise_robustness_mlp_surrogate.csv
  - comfort_predictions_heuristic_direct.csv
  - comfort_predictions_linear_regression.csv
  - comfort_predictions_mlp_surrogate.csv
  - comfort_region_errors_heuristic_direct.csv
  - comfort_region_errors_linear_regression.csv
  - comfort_region_errors_mlp_surrogate.csv
  - extended_benchmark_30profiles/checkpoints/history/STU_0023__moead__seed0.csv
  - extended_benchmark_30profiles/checkpoints/history/STU_0023__moead__seed1.csv
  - extended_benchmark_30profiles/checkpoints/history/STU_0023__moead__seed2.csv
  - extended_benchmark_30profiles/checkpoints/history/STU_0023__moead__seed3.csv
  - extended_benchmark_30profiles/checkpoints/history/STU_0023__moead__seed4.csv
  - extended_benchmark_30profiles/checkpoints/history/STU_0023__moead__seed5.csv
  - extended_benchmark_30profiles/checkpoints/history/STU_0023__moead__seed6.csv
  - extended_benchmark_30profiles/checkpoints/history/STU_0023__moead__seed7.csv
  - extended_benchmark_30profiles/checkpoints/history/STU_0023__moead__seed8.csv
  - extended_benchmark_30profiles/checkpoints/history/STU_0023__moead__seed9.csv
  - extended_benchmark_30profiles/checkpoints/history/STU_0023__nsga2__seed0.csv
  - extended_benchmark_30profiles/checkpoints/history/STU_0023__nsga2__seed1.csv
  - extended_benchmark_30profiles/checkpoints/history/STU_0023__nsga2__seed2.csv
  - extended_benchmark_30profiles/checkpoints/history/STU_0023__nsga2__seed3.csv
  - extended_benchmark_30profiles/checkpoints/history/STU_0023__nsga2__seed4.csv
  - extended_benchmark_30profiles/checkpoints/history/STU_0023__nsga2__seed5.csv
  - extended_benchmark_30profiles/checkpoints/history/STU_0023__nsga2__seed6.csv
  - extended_benchmark_30profiles/checkpoints/history/STU_0023__nsga2__seed7.csv
  - extended_benchmark_30profiles/checkpoints/history/STU_0023__nsga2__seed8.csv
  - extended_benchmark_30profiles/checkpoints/history/STU_0023__nsga2__seed9.csv
  - extended_benchmark_30profiles/checkpoints/history/STU_0023__nsga3__seed0.csv
  - extended_benchmark_30profiles/checkpoints/history/STU_0023__nsga3__seed1.csv
  - extended_benchmark_30profiles/checkpoints/history/STU_0023__nsga3__seed2.csv
  - extended_benchmark_30profiles/checkpoints/history/STU_0023__nsga3__seed3.csv
  - extended_benchmark_30profiles/checkpoints/history/STU_0023__nsga3__seed4.csv
  - extended_benchmark_30profiles/checkpoints/history/STU_0023__nsga3__seed5.csv
  - extended_benchmark_30profiles/checkpoints/history/STU_0023__nsga3__seed6.csv
  - extended_benchmark_30profiles/checkpoints/history/STU_0023__nsga3__seed7.csv
  - extended_benchmark_30profiles/checkpoints/history/STU_0023__nsga3__seed8.csv
  ... (21286 more)

==============================================================================
 1. LOADING FINAL-GENERATION RECOVERED TABLES
==============================================================================
  main_150    :    9000 rows × 15 cols
               columns: ['profile_id', 'algorithm', 'seed', 'hypervolume', 'igd', 'n_feasible_run', 'n_nondom_union', 'ref_point_obj1', 'ref_point_obj2', 'ref_point_obj3', 'ref_point_obj4', 'max_hv_profile'] ...
  extended_30 :    1050 rows × 15 cols
               columns: ['profile_id', 'algorithm', 'seed', 'hypervolume', 'igd', 'n_feasible_run', 'n_nondom_union', 'ref_point_obj1', 'ref_point_obj2', 'ref_point_obj3', 'ref_point_obj4', 'max_hv_profile'] ...
  repcurv_10  :     600 rows × 15 cols
               columns: ['profile_id', 'algorithm', 'seed', 'hypervolume', 'igd', 'n_feasible_run', 'n_nondom_union', 'ref_point_obj1', 'ref_point_obj2', 'ref_point_obj3', 'ref_point_obj4', 'max_hv_profile'] ...

  Detected key columns on main_150:
       profile -> profile_id
     algorithm -> algorithm
           run -> seed
           nHV -> normalized_hv
            HV -> hypervolume
      feasible -> n_feasible_run
          time -> None
          cost -> None
         emiss -> None
       comfort -> None
       runtime -> None
           pop -> None

==============================================================================
 B2. PER-ALGORITHM DISTRIBUTIONAL SUMMARY
==============================================================================
             mean     std  median     q05     q25     q75     q95     min  max     n
algorithm                                                                           
nsga2      0.9741  0.0180  0.9778  0.9415  0.9651  0.9871  0.9950  0.8535  1.0  4500
nsga3      0.9930  0.0054  0.9941  0.9834  0.9907  0.9966  0.9995  0.9479  1.0  4500
  -> wrote outputs_v5_parallel_3threads_fixed/analytics/todo_resolution/B2_full_profile_summary.csv

==============================================================================
 B3. PER-PROFILE PAIRED d_z (NSGA-III vs NSGA-II)
==============================================================================
  Per-profile paired statistics: n_profiles = 150
  d_z range: [-0.817, 4.943]
  median d_z = 1.804
  NSGA-III wins on 145 / 150 profiles

  Profiles where NSGA-II beats NSGA-III (5):
profile_id  n_pairs  mean_diff_N3_minus_N2  std_diff  paired_dz  wilcoxon_p  winner
  STU_0302       30              -0.005452  0.006673  -0.817007    0.000256 NSGA-II
  STU_0403       30              -0.003815  0.004994  -0.763989    0.000256 NSGA-II
  STU_0618       30              -0.002537  0.005260  -0.482316    0.019661 NSGA-II
  STU_0236       30              -0.002268  0.005078  -0.446593    0.023410 NSGA-II
  STU_0529       30              -0.001621  0.005194  -0.312124    0.140283 NSGA-II

  HEADLINE (all paired runs, n=4500):
    mean diff = 0.0189
    paired d_z = 1.030
    NSGA-III win rate = 91.11%

==============================================================================
 B4. INFEASIBILITY RATES (sampling audits)
==============================================================================
  [skip] extended_benchmark_30profiles_sampling_audit.csv: no algorithm column
  [skip] main_nsga2_vs_nsga3_150profiles_sampling_audit.csv: no algorithm column
  [skip] representative_curves_10profiles_sampling_audit.csv: no algorithm column
  No usable audit files found.

==============================================================================
 B5. RUNTIME BREAKDOWN
==============================================================================
  No runtime column found on main_150 — trying other tables ...

==============================================================================
 B1. TwoNN INTRINSIC DIMENSIONALITY (algorithm-agnostic attempt)
==============================================================================
  profiles_all_plans.csv: (190, 13)
  [B1 FAILED] objective columns not all found: [None, None, None, None]

==============================================================================
 EXTRA. PER-ARCHETYPE, PER-DISTANCE, FRIEDMAN (recomputed)
==============================================================================
  no archetype column on main_150

==============================================================================
 EXTRA. OBJECTIVE CORRELATIONS (Pearson)
==============================================================================
  objective columns not available

==============================================================================
 EXTRA. WEIGHT STABILIZATION CHECK
==============================================================================
  raw       : {'time': 0.5338272045697965, 'cost': 0.08398786147804355, 'emissions': 8.925383791503035e-05, 'comfort': 0.3820956801142449}
  stabilized: {'time': 0.46319887133730586, 'cost': 0.11378486773917355, 'emissions': 0.07767528762526736, 'comfort': 0.3453409732982533}

==============================================================================
 B6. NUMERIC AUDIT OF main_revised.tex (orphan numbers)
==============================================================================
  main_revised.tex not found in current directory — skip B6

==============================================================================
 B7. REGENERATE CD DIAGRAM
==============================================================================
  no Friedman/Nemenyi JSON available — skip B7

==============================================================================
 CONSOLIDATED TODO RESOLUTION SUMMARY
==============================================================================
{
  "headline_paired_dz": 1.0301657732774476,
  "nsga3_win_rate_pct": 91.11,
  "n_paired_runs": 4500,
  "n_profiles_total": 150,
  "n_profiles_nsga2_wins": 5,
  "weights_stabilized": {
    "time": 0.46319887133730586,
    "cost": 0.11378486773917355,
    "emissions": 0.07767528762526736,
    "comfort": 0.3453409732982533
  },
  "weights_raw": {
    "time": 0.5338272045697965,
    "cost": 0.08398786147804355,
    "emissions": 8.925383791503035e-05,
    "comfort": 0.3820956801142449
  }
}